--------------------------------------------------------------------------------------
Timing Analyzer Summary
--------------------------------------------------------------------------------------

Type           : Worst-case tsu
Slack          : N/A
Required Time  : None
Actual Time    : 5.825 ns
From           : A[4]
To             : normMain:inst5|Pmain:inst|lpm_shiftreg5:inst|lpm_shiftreg:lpm_shiftreg_component|dffs[9]
From Clock     : --
To Clock       : clock
Failed Paths   : 0

Type           : Worst-case tco
Slack          : N/A
Required Time  : None
Actual Time    : 8.367 ns
From           : normMain:inst5|Pmain:inst|lpm_shiftreg5:inst|lpm_shiftreg:lpm_shiftreg_component|dffs[9]
To             : C[4]
From Clock     : clock
To Clock       : --
Failed Paths   : 0

Type           : Worst-case th
Slack          : N/A
Required Time  : None
Actual Time    : 0.411 ns
From           : clock
To             : normMain:inst5|Pmain:inst|inst6
From Clock     : --
To Clock       : clock
Failed Paths   : 0

Type           : Clock Setup: 'clock'
Slack          : N/A
Required Time  : None
Actual Time    : 101.05 MHz ( period = 9.896 ns )
From           : normMain:inst5|Pmain:inst|lpm_counter2:inst4|lpm_counter:lpm_counter_component|cntr_bsh:auto_generated|safe_q[0]
To             : normMain:inst5|Pmain:inst|lpm_shiftreg5:inst|lpm_shiftreg:lpm_shiftreg_component|dffs[3]
From Clock     : clock
To Clock       : clock
Failed Paths   : 0

Type           : Total number of failed paths
Slack          : 
Required Time  : 
Actual Time    : 
From           : 
To             : 
From Clock     : 
To Clock       : 
Failed Paths   : 0

--------------------------------------------------------------------------------------

